This is a test file written to disk by the write_file_to_disk tool!